// Jest Snapshot v1, https://goo.gl/fbAQLP

exports[`key should be decorated with prefix/suffix 1`] = `
<span>
  {{__phrase_key.id__}}
</span>
`;

exports[`translation should be rendered by default 1`] = `
<span
  dangerouslySetInnerHTML={
    Object {
      "__html": "foo bar",
    }
  }
/>
`;
